[INFO] Scanning for projects...
[INFO] 
[INFO] --------------< com.example:APPOINTMNENTMANAGEMENTSYSTEM >--------------
[INFO] Building APPOINTMNENT MANAGEMENT SYSTEM 0.0.1-SNAPSHOT
[INFO]   from pom.xml
[INFO] --------------------------------[ jar ]---------------------------------
[INFO] 
[INFO] --- resources:3.3.1:resources (default-resources) @ APPOINTMNENTMANAGEMENTSYSTEM ---
[INFO] Copying 1 resource from src\main\resources to target\classes
[INFO] Copying 0 resource from src\main\resources to target\classes
[INFO] 
[INFO] --- compiler:3.14.1:compile (default-compile) @ APPOINTMNENTMANAGEMENTSYSTEM ---
[INFO] Nothing to compile - all classes are up to date.
[INFO] ------------------------------------------------------------------------
[INFO] BUILD SUCCESS
[INFO] ------------------------------------------------------------------------
[INFO] Total time:  1.701 s
[INFO] Finished at: 2026-03-25T11:30:42+05:30
[INFO] ------------------------------------------------------------------------
